TCP 0.0.0.0:135 0.0.0.0:0 LISTENING 720
TCP 0.0.0.0:445 0.0.0.0:0 LISTENING 4
TCP 0.0.0.0:38231 0.0.0.0:0 LISTENING 1636
TCP 0.0.0.0:49152 0.0.0.0:0 LISTENING 408
TCP 0.0.0.0:49153 0.0.0.0:0 LISTENING 832
TCP 0.0.0.0:49154 0.0.0.0:0 LISTENING 932
TCP 0.0.0.0:49155 0.0.0.0:0 LISTENING 516
TCP 0.0.0.0:49156 0.0.0.0:0 LISTENING 524
TCP 192.168.49.136:139 0.0.0.0:0 LISTENING 4
